---
source: tools/simrs-jcsl/src/discovery.rs
expression: inst2.to_string()
---
jcsl installation:
  binary:     /workspace/tools/simrs-jcsl/vendor/oracle-jcvm-ref/runtime/bin/jcsl
  lib_dir:    /workspace/tools/simrs-jcsl/vendor/oracle-jcvm-ref/runtime/bin
  source:     workspace (tools/simrs-jcsl/vendor/oracle-jcvm-ref/)
  configured: scp=yes, pin=yes
